[mgsdemo.mgscoder.com/html5/aboutme/preview.html]
[backblue.gif]
[fade.gif]
[index.html]
[mgsdemo.mgscoder.com/html5/aboutme/favicon.ico]
[mgsdemo.mgscoder.com/html5/aboutme/images/logo.png]
[mgsdemo.mgscoder.com/html5/aboutme/index.html]
[mgsdemo.mgscoder.com/html5/aboutme/preview/img/demo-1.jpg]
[mgsdemo.mgscoder.com/html5/aboutme/index-2.html]
[mgsdemo.mgscoder.com/html5/aboutme/preview/img/demo-2.jpg]
[mgsdemo.mgscoder.com/html5/aboutme/index-animated.html]
[mgsdemo.mgscoder.com/html5/aboutme/index-3.html]
[mgsdemo.mgscoder.com/html5/aboutme/preview/img/demo-3.jpg]
[mgsdemo.mgscoder.com/html5/aboutme/index-4.html]
[mgsdemo.mgscoder.com/html5/aboutme/preview/img/demo-4.jpg]
[mgsdemo.mgscoder.com/html5/aboutme/index-5.html]
[mgsdemo.mgscoder.com/html5/aboutme/index-6.html]
[mgsdemo.mgscoder.com/html5/aboutme/index-7.html]
[mgsdemo.mgscoder.com/html5/aboutme/preview/img/demo-7.jpg]
[mgsdemo.mgscoder.com/html5/aboutme/index-video.html]
[mgsdemo.mgscoder.com/html5/aboutme/preview/img/videobg-1.jpg]
[mgsdemo.mgscoder.com/html5/aboutme/index-minimal.html]
[mgsdemo.mgscoder.com/html5/aboutme/index-2-minimal.html]
[mgsdemo.mgscoder.com/html5/aboutme/index-3-minimal.html]
[mgsdemo.mgscoder.com/html5/aboutme/index-4-minimal.html]
[mgsdemo.mgscoder.com/html5/aboutme/single-portfolio.html]
[mgsdemo.mgscoder.com/html5/aboutme/preview/img/details-1.jpg]
[mgsdemo.mgscoder.com/html5/aboutme/single-blog.html]
[mgsdemo.mgscoder.com/html5/aboutme/preview/img/details-2.jpg]
[mgsdemo.mgscoder.com/html5/aboutme/single-service.html]
[mgsdemo.mgscoder.com/html5/aboutme/preview/img/details-3.jpg]
[mgsdemo.mgscoder.com/html5/aboutme/preview/img/aboutme-features.png]
[mgsdemo.mgscoder.com/html5/aboutme/js/jquery-2.2.4.min.js]
[mgsdemo.mgscoder.com/html5/aboutme/js/bootstrap.min.js]
[mgsdemo.mgscoder.com/html5/aboutme/js/modernizr.js]
[mgsdemo.mgscoder.com/html5/aboutme/preview/js/preview.js]
[www.google-analytics.com/analytics.js]
[mgsdemo.mgscoder.com/html5/aboutme/preview.html]
[mgsdemo.mgscoder.com/html5/aboutme/fonts/glyphicons-halflings-regular.eot]
[mgsdemo.mgscoder.com/html5/aboutme/fonts/glyphicons-halflings-regulard41d.eot]
[mgsdemo.mgscoder.com/html5/aboutme/fonts/glyphicons-halflings-regular.woff2]
[mgsdemo.mgscoder.com/html5/aboutme/fonts/glyphicons-halflings-regular.woff]
[mgsdemo.mgscoder.com/html5/aboutme/fonts/glyphicons-halflings-regular.ttf]
[mgsdemo.mgscoder.com/html5/aboutme/css/bootstrap.min.css]
[mgsdemo.mgscoder.com/html5/aboutme/fonts/fontawesome-webfont3e6e.eot]
[mgsdemo.mgscoder.com/html5/aboutme/fonts/fontawesome-webfontd41d.eot]
[mgsdemo.mgscoder.com/html5/aboutme/fonts/fontawesome-webfont3e6e.woff2]
[mgsdemo.mgscoder.com/html5/aboutme/fonts/fontawesome-webfont3e6e.woff]
[mgsdemo.mgscoder.com/html5/aboutme/fonts/fontawesome-webfont3e6e.ttf]
[mgsdemo.mgscoder.com/html5/aboutme/css/font-awesome.min.css]
[mgsdemo.mgscoder.com/html5/aboutme/preview/img/banner.jpg]
[mgsdemo.mgscoder.com/html5/aboutme/preview/img/bg1.jpg]
[mgsdemo.mgscoder.com/html5/aboutme/preview/img/bg2.jpg]
[mgsdemo.mgscoder.com/html5/aboutme/preview/img/demo-background.png]
[mgsdemo.mgscoder.com/html5/aboutme/preview/css/preview.css]
[mgsdemo.mgscoder.com/html5/aboutme/preview/css/preloader.css]
[mgsdemo.mgscoder.com/html5/aboutme/images/logo-color.png]
[mgsdemo.mgscoder.com/html5/aboutme/images/profile/profile-image-1.jpg]
[mgsdemo.mgscoder.com/html5/aboutme/images/team/team-1.jpg]
[mgsdemo.mgscoder.com/html5/aboutme/images/team/team-2.jpg]
[mgsdemo.mgscoder.com/html5/aboutme/images/team/team-3.jpg]
[mgsdemo.mgscoder.com/html5/aboutme/images/team/team-4.jpg]
[mgsdemo.mgscoder.com/html5/aboutme/images/portfolio/thumb/1.jpg]
[mgsdemo.mgscoder.com/html5/aboutme/images/portfolio/1.jpg]
[mgsdemo.mgscoder.com/html5/aboutme/images/portfolio/thumb/2.jpg]
[mgsdemo.mgscoder.com/html5/aboutme/images/portfolio/2.jpg]
[mgsdemo.mgscoder.com/html5/aboutme/images/portfolio/thumb/3.jpg]
[mgsdemo.mgscoder.com/html5/aboutme/images/portfolio/3.jpg]
[mgsdemo.mgscoder.com/html5/aboutme/images/portfolio/thumb/4.jpg]
[mgsdemo.mgscoder.com/html5/aboutme/images/portfolio/4.jpg]
[mgsdemo.mgscoder.com/html5/aboutme/images/portfolio/thumb/5.jpg]
[mgsdemo.mgscoder.com/html5/aboutme/images/portfolio/5.jpg]
[mgsdemo.mgscoder.com/html5/aboutme/images/portfolio/thumb/6.jpg]
[mgsdemo.mgscoder.com/html5/aboutme/images/portfolio/6.jpg]
[mgsdemo.mgscoder.com/html5/aboutme/images/portfolio/thumb/7.jpg]
[mgsdemo.mgscoder.com/html5/aboutme/images/portfolio/7.jpg]
[mgsdemo.mgscoder.com/html5/aboutme/images/portfolio/thumb/8.jpg]
[mgsdemo.mgscoder.com/html5/aboutme/images/portfolio/8.jpg]
[mgsdemo.mgscoder.com/html5/aboutme/images/blog/thumb/1.jpg]
[mgsdemo.mgscoder.com/html5/aboutme/images/blog/thumb/2.jpg]
[mgsdemo.mgscoder.com/html5/aboutme/images/blog/thumb/3.jpg]
[mgsdemo.mgscoder.com/html5/aboutme/images/blog/thumb/4.jpg]
[mgsdemo.mgscoder.com/html5/aboutme/images/blog/thumb/5.jpg]
[mgsdemo.mgscoder.com/html5/aboutme/images/blog/thumb/6.jpg]
[mgsdemo.mgscoder.com/html5/aboutme/images/blog/thumb/7.jpg]
[mgsdemo.mgscoder.com/html5/aboutme/images/blog/thumb/8.jpg]
[mgsdemo.mgscoder.com/html5/aboutme/images/customer/customer-1.jpg]
[mgsdemo.mgscoder.com/html5/aboutme/images/customer/customer-2.jpg]
[mgsdemo.mgscoder.com/html5/aboutme/images/customer/customer-3.jpg]
[mgsdemo.mgscoder.com/html5/aboutme/images/clients/1.png]
[mgsdemo.mgscoder.com/html5/aboutme/images/clients/2.png]
[mgsdemo.mgscoder.com/html5/aboutme/images/clients/3.png]
[mgsdemo.mgscoder.com/html5/aboutme/images/clients/4.png]
[mgsdemo.mgscoder.com/html5/aboutme/images/clients/5.png]
[mgsdemo.mgscoder.com/html5/aboutme/images/clients/6.png]
[mgsdemo.mgscoder.com/html5/aboutme/images/clients/7.png]
[mgsdemo.mgscoder.com/html5/aboutme/images/clients/8.png]
[mgsdemo.mgscoder.com/html5/aboutme/images/clients/9.png]
[mgsdemo.mgscoder.com/html5/aboutme/images/clients/10.png]
[mgsdemo.mgscoder.com/html5/aboutme/images/clients/11.png]
[mgsdemo.mgscoder.com/html5/aboutme/images/clients/12.png]
[mgsdemo.mgscoder.com/html5/aboutme/images/footer-logo.png]
[mgsdemo.mgscoder.com/html5/aboutme/js/circle-progress.js]
[mgsdemo.mgscoder.com/html5/aboutme/js/isotope.pkgd.min.js]
[mgsdemo.mgscoder.com/html5/aboutme/js/lightbox.min.js]
[mgsdemo.mgscoder.com/html5/aboutme/js/owl.carousel.min.js]
[mgsdemo.mgscoder.com/html5/aboutme/js/validator.min.js]
[mgsdemo.mgscoder.com/html5/aboutme/js/waypoints.min.js]
[mgsdemo.mgscoder.com/html5/aboutme/js/jquery.counterup.min.js]
[mgsdemo.mgscoder.com/html5/aboutme/js/jquery.ajaxchimp.min.js]
[mgsdemo.mgscoder.com/html5/aboutme/js/main.js]
[mgsdemo.mgscoder.com/html5/aboutme/index.html]
[mgsdemo.mgscoder.com/html5/aboutme/js/particles.min.js]
[mgsdemo.mgscoder.com/html5/aboutme/js/app.js]
[mgsdemo.mgscoder.com/html5/aboutme/index-2.html]
[mgsdemo.mgscoder.com/html5/aboutme/index-animated.html]
[mgsdemo.mgscoder.com/html5/aboutme/js/wow.min.js]
[mgsdemo.mgscoder.com/html5/aboutme/index-3.html]
[mgsdemo.mgscoder.com/html5/aboutme/index-4.html]
[mgsdemo.mgscoder.com/html5/aboutme/index-5.html]
[mgsdemo.mgscoder.com/html5/aboutme/index-6.html]
[mgsdemo.mgscoder.com/html5/aboutme/index-7.html]
[mgsdemo.mgscoder.com/html5/aboutme/js/jquery.vide.js]
[mgsdemo.mgscoder.com/html5/aboutme/index-video.html]
[mgsdemo.mgscoder.com/html5/aboutme/index-minimal.html]
[mgsdemo.mgscoder.com/html5/aboutme/index-2-minimal.html]
[mgsdemo.mgscoder.com/html5/aboutme/index-3-minimal.html]
[mgsdemo.mgscoder.com/html5/aboutme/index-4-minimal.html]
[mgsdemo.mgscoder.com/html5/aboutme/single-portfolio.html]
[mgsdemo.mgscoder.com/html5/aboutme/images/blog/2.jpg]
[mgsdemo.mgscoder.com/html5/aboutme/images/customer/customer-4.jpg]
[mgsdemo.mgscoder.com/html5/aboutme/single-blog.html]
[mgsdemo.mgscoder.com/html5/aboutme/images/service/service-img1.jpg]
[mgsdemo.mgscoder.com/html5/aboutme/single-service.html]
[mgsdemo.mgscoder.com/html5/aboutme/images/service/service-img2.jpg]
[mgsdemo.mgscoder.com/html5/aboutme/fonts/glyphicons-halflings-regular.svg]
[mgsdemo.mgscoder.com/html5/aboutme/fonts/fontawesome-webfont3e6e.svg]
[mgsdemo.mgscoder.com/html5/aboutme/css/owl.carousel.min.css]
[mgsdemo.mgscoder.com/html5/aboutme/css/owl.theme.default.min.css]
[mgsdemo.mgscoder.com/html5/aboutme/images/close.png]
[mgsdemo.mgscoder.com/html5/aboutme/images/loading.gif]
[mgsdemo.mgscoder.com/html5/aboutme/images/prev.png]
[mgsdemo.mgscoder.com/html5/aboutme/images/next.png]
[mgsdemo.mgscoder.com/html5/aboutme/css/lightbox.min.css]
[mgsdemo.mgscoder.com/html5/aboutme/images/background/bg-2.jpg]
[mgsdemo.mgscoder.com/html5/aboutme/images/background/bg-1.jpg]
[mgsdemo.mgscoder.com/html5/aboutme/images/background/bg-3.jpg]
[mgsdemo.mgscoder.com/html5/aboutme/images/background/bg-6.jpg]
[mgsdemo.mgscoder.com/html5/aboutme/images/background/bg-5.jpg]
[mgsdemo.mgscoder.com/html5/aboutme/css/parallax.css]
[mgsdemo.mgscoder.com/html5/aboutme/images/profile/banner-image-1.jpg]
[mgsdemo.mgscoder.com/html5/aboutme/images/profile/banner-image-2.jpg]
[mgsdemo.mgscoder.com/html5/aboutme/images/background/blog-details-banner.jpg]
[mgsdemo.mgscoder.com/html5/aboutme/images/background/portfolio-details-banner.jpg]
[mgsdemo.mgscoder.com/html5/aboutme/css/style.css]
[mgsdemo.mgscoder.com/html5/aboutme/css/responsive.css]
[mgsdemo.mgscoder.com/html5/aboutme/css/animate.css]
[mgsdemo.mgscoder.com/html5/aboutme/contact.html]
[mgsdemo.mgscoder.com/html5/aboutme/css/owl.video.play.html]
[mgsdemo.mgscoder.com/html5/aboutme/images/background/service-details-banner.jpg]
